c:\users\ゆうき\desktop\slime\slime\library\encrypt\cbuild\vc142.pdb
c:\users\ゆうき\desktop\slime\slime\library\encrypt\cbuild\main.obj
c:\users\ゆうき\desktop\slime\slime\library\encrypt\cbuild\key.obj
c:\users\ゆうき\desktop\slime\slime\library\encrypt\cbuild\file.obj
c:\users\ゆうき\desktop\tensi\tensi\library\encrypt\cbuild\vc142.pdb
c:\users\ゆうき\desktop\tensi\tensi\library\encrypt\cbuild\key.obj
c:\users\ゆうき\desktop\tensi\tensi\library\encrypt\cbuild\file.obj
c:\users\ゆうき\desktop\tensi\tensi\library\encrypt\cbuild\main.obj
c:\users\ゆうき\desktop\slime\slime\library\encrypt\encrypt.exe
c:\users\ゆうき\desktop\slime\slime\library\encrypt\cbuild\encrypt.ipdb
c:\users\ゆうき\desktop\slime\slime\library\encrypt\cbuild\encrypt.iobj
c:\users\ゆうき\desktop\slime\slime\library\encrypt\encrypt.pdb
c:\users\ゆうき\desktop\tensi\tensi\library\encrypt\encrypt.exe
c:\users\ゆうき\desktop\tensi\tensi\library\encrypt\cbuild\encrypt.ipdb
c:\users\ゆうき\desktop\tensi\tensi\library\encrypt\cbuild\encrypt.iobj
c:\users\ゆうき\desktop\tensi\tensi\library\encrypt\encrypt.pdb
c:\users\ゆうき\desktop\tensi\tensi\library\encrypt\cbuild\cbuild.tlog\cl.command.1.tlog
c:\users\ゆうき\desktop\tensi\tensi\library\encrypt\cbuild\cbuild.tlog\cl.read.1.tlog
c:\users\ゆうき\desktop\tensi\tensi\library\encrypt\cbuild\cbuild.tlog\cl.write.1.tlog
c:\users\ゆうき\desktop\tensi\tensi\library\encrypt\cbuild\cbuild.tlog\link.command.1.tlog
c:\users\ゆうき\desktop\tensi\tensi\library\encrypt\cbuild\cbuild.tlog\link.read.1.tlog
c:\users\ゆうき\desktop\tensi\tensi\library\encrypt\cbuild\cbuild.tlog\link.write.1.tlog
